// Jest Snapshot v1, https://goo.gl/fbAQLP

exports[`renders correctly 1`] = `
ShallowWrapper {
  "length": 1,
  Symbol(enzyme.__root__): [Circular],
  Symbol(enzyme.__unrendered__): <SearchBar
    handleSubmit={[Function]}
    username="sindresorhus"
    usernameInput={
        Object {
            "current": null,
          }
    }
/>,
  Symbol(enzyme.__renderer__): Object {
    "batchedUpdates": [Function],
    "getNode": [Function],
    "render": [Function],
    "simulateEvent": [Function],
    "unmount": [Function],
  },
  Symbol(enzyme.__node__): Object {
    "instance": null,
    "key": undefined,
    "nodeType": "host",
    "props": Object {
      "children": <form
        onSubmit={[Function]}
>
        <label
                className="SearchBar-label"
                htmlFor="username"
        >
                Username: 
        </label>
        <input
                id="username"
                type="text"
        />
        <button
                className="SearchBar-submit"
                type="submit"
        >
                GO!
        </button>
        <div
                className="SearchBar-title"
        >
                Public events for
                 
                <span
                        className="SearchBar-username"
                >
                        sindresorhus
                </span>
        </div>
</form>,
      "className": "SearchBar",
    },
    "ref": null,
    "rendered": Object {
      "instance": null,
      "key": undefined,
      "nodeType": "host",
      "props": Object {
        "children": Array [
          <label
            className="SearchBar-label"
            htmlFor="username"
>
            Username: 
</label>,
          <input
            id="username"
            type="text"
/>,
          <button
            className="SearchBar-submit"
            type="submit"
>
            GO!
</button>,
          <div
            className="SearchBar-title"
>
            Public events for
             
            <span
                        className="SearchBar-username"
            >
                        sindresorhus
            </span>
</div>,
        ],
        "onSubmit": [Function],
      },
      "ref": null,
      "rendered": Array [
        Object {
          "instance": null,
          "key": undefined,
          "nodeType": "host",
          "props": Object {
            "children": "Username: ",
            "className": "SearchBar-label",
            "htmlFor": "username",
          },
          "ref": null,
          "rendered": "Username: ",
          "type": "label",
        },
        Object {
          "instance": null,
          "key": undefined,
          "nodeType": "host",
          "props": Object {
            "id": "username",
            "type": "text",
          },
          "ref": Object {
            "current": null,
          },
          "rendered": null,
          "type": "input",
        },
        Object {
          "instance": null,
          "key": undefined,
          "nodeType": "host",
          "props": Object {
            "children": "GO!",
            "className": "SearchBar-submit",
            "type": "submit",
          },
          "ref": null,
          "rendered": "GO!",
          "type": "button",
        },
        Object {
          "instance": null,
          "key": undefined,
          "nodeType": "host",
          "props": Object {
            "children": Array [
              "Public events for",
              " ",
              <span
                className="SearchBar-username"
>
                sindresorhus
</span>,
            ],
            "className": "SearchBar-title",
          },
          "ref": null,
          "rendered": Array [
            "Public events for",
            " ",
            Object {
              "instance": null,
              "key": undefined,
              "nodeType": "host",
              "props": Object {
                "children": "sindresorhus",
                "className": "SearchBar-username",
              },
              "ref": null,
              "rendered": "sindresorhus",
              "type": "span",
            },
          ],
          "type": "div",
        },
      ],
      "type": "form",
    },
    "type": "div",
  },
  Symbol(enzyme.__nodes__): Array [
    Object {
      "instance": null,
      "key": undefined,
      "nodeType": "host",
      "props": Object {
        "children": <form
          onSubmit={[Function]}
>
          <label
                    className="SearchBar-label"
                    htmlFor="username"
          >
                    Username: 
          </label>
          <input
                    id="username"
                    type="text"
          />
          <button
                    className="SearchBar-submit"
                    type="submit"
          >
                    GO!
          </button>
          <div
                    className="SearchBar-title"
          >
                    Public events for
                     
                    <span
                              className="SearchBar-username"
                    >
                              sindresorhus
                    </span>
          </div>
</form>,
        "className": "SearchBar",
      },
      "ref": null,
      "rendered": Object {
        "instance": null,
        "key": undefined,
        "nodeType": "host",
        "props": Object {
          "children": Array [
            <label
              className="SearchBar-label"
              htmlFor="username"
>
              Username: 
</label>,
            <input
              id="username"
              type="text"
/>,
            <button
              className="SearchBar-submit"
              type="submit"
>
              GO!
</button>,
            <div
              className="SearchBar-title"
>
              Public events for
               
              <span
                            className="SearchBar-username"
              >
                            sindresorhus
              </span>
</div>,
          ],
          "onSubmit": [Function],
        },
        "ref": null,
        "rendered": Array [
          Object {
            "instance": null,
            "key": undefined,
            "nodeType": "host",
            "props": Object {
              "children": "Username: ",
              "className": "SearchBar-label",
              "htmlFor": "username",
            },
            "ref": null,
            "rendered": "Username: ",
            "type": "label",
          },
          Object {
            "instance": null,
            "key": undefined,
            "nodeType": "host",
            "props": Object {
              "id": "username",
              "type": "text",
            },
            "ref": Object {
              "current": null,
            },
            "rendered": null,
            "type": "input",
          },
          Object {
            "instance": null,
            "key": undefined,
            "nodeType": "host",
            "props": Object {
              "children": "GO!",
              "className": "SearchBar-submit",
              "type": "submit",
            },
            "ref": null,
            "rendered": "GO!",
            "type": "button",
          },
          Object {
            "instance": null,
            "key": undefined,
            "nodeType": "host",
            "props": Object {
              "children": Array [
                "Public events for",
                " ",
                <span
                  className="SearchBar-username"
>
                  sindresorhus
</span>,
              ],
              "className": "SearchBar-title",
            },
            "ref": null,
            "rendered": Array [
              "Public events for",
              " ",
              Object {
                "instance": null,
                "key": undefined,
                "nodeType": "host",
                "props": Object {
                  "children": "sindresorhus",
                  "className": "SearchBar-username",
                },
                "ref": null,
                "rendered": "sindresorhus",
                "type": "span",
              },
            ],
            "type": "div",
          },
        ],
        "type": "form",
      },
      "type": "div",
    },
  ],
  Symbol(enzyme.__options__): Object {
    "adapter": ReactSixteenAdapter {
      "options": Object {
        "enableComponentDidUpdateOnSetState": true,
      },
    },
  },
}
`;
